[INFO ] 2025-05-18 21:46:17.542 [main] LoggerClass - Starting Test Suite: Default Suite
[INFO ] 2025-05-18 21:46:17.590 [main] LoggerClass - ✅ [PropertiesReader] Loading properties from: C:\Users\20112\Desktop\Final Projects\SauceDemoWebsite\src\main\resources\allure.properties
[INFO ] 2025-05-18 21:46:17.591 [main] LoggerClass - ✅ [PropertiesReader] Loading properties from: C:\Users\20112\Desktop\Final Projects\SauceDemoWebsite\src\main\resources\configuration.properties
[INFO ] 2025-05-18 21:46:17.592 [main] LoggerClass - ✅ [PropertiesReader] Loading properties from: C:\Users\20112\Desktop\Final Projects\SauceDemoWebsite\src\main\resources\log4j2.properties
[INFO ] 2025-05-18 21:46:17.593 [main] LoggerClass - ✅ [PropertiesReader] Properties loaded successfully.
[INFO ] 2025-05-18 21:46:17.595 [main] LoggerClass - 🔹 [PropertiesReader] Setting System Property: appender.console.type = Console
[INFO ] 2025-05-18 21:46:17.595 [main] LoggerClass - 🔹 [PropertiesReader] Setting System Property: appender.console.layout.pattern = %d{yyyy-MMMM-dd : hh:mm:ss a } %highlight{${LOG_LEVEL_PATTERN:-%5p}}{FATAL=red blink, ERROR=red, WARN=yellow bold, INFO=green, DEBUG=green bold, TRACE=blue} %style{[%t]}{magenta} %style{%logger{36}}{cyan} : %m%n${LOG_EXCEPTION_CONVERSION_WORD:-}
[INFO ] 2025-05-18 21:46:17.595 [main] LoggerClass - 🔹 [PropertiesReader] Setting System Property: java.specification.version = 19
[INFO ] 2025-05-18 21:46:17.595 [main] LoggerClass - 🔹 [PropertiesReader] Setting System Property: sun.cpu.isalist = amd64
[INFO ] 2025-05-18 21:46:17.595 [main] LoggerClass - 🔹 [PropertiesReader] Setting System Property: sun.jnu.encoding = Cp1252
[INFO ] 2025-05-18 21:46:17.596 [main] LoggerClass - 🔹 [PropertiesReader] Setting System Property: sun.arch.data.model = 64
[INFO ] 2025-05-18 21:46:17.596 [main] LoggerClass - 🔹 [PropertiesReader] Setting System Property: idea.test.cyclic.buffer.size = 1048576
[INFO ] 2025-05-18 21:46:17.596 [main] LoggerClass - 🔹 [PropertiesReader] Setting System Property: maximize = true
[INFO ] 2025-05-18 21:46:17.596 [main] LoggerClass - 🔹 [PropertiesReader] Setting System Property: java.vendor.url = https://java.oracle.com/
[INFO ] 2025-05-18 21:46:17.597 [main] LoggerClass - 🔹 [PropertiesReader] Setting System Property: height = 768
[INFO ] 2025-05-18 21:46:17.597 [main] LoggerClass - 🔹 [PropertiesReader] Setting System Property: sun.boot.library.path = C:\Program Files\Java\jdk-19\bin
[INFO ] 2025-05-18 21:46:17.597 [main] LoggerClass - 🔹 [PropertiesReader] Setting System Property: sun.java.command = com.intellij.rt.testng.RemoteTestNGStarter -usedefaultlisteners false -socket51461 @w@C:\Users\20112\AppData\Local\Temp\idea_working_dirs_testng.tmp -temp C:\Users\20112\AppData\Local\Temp\idea_testng.tmp
[INFO ] 2025-05-18 21:46:17.597 [main] LoggerClass - 🔹 [PropertiesReader] Setting System Property: jdk.debug = release
[INFO ] 2025-05-18 21:46:17.598 [main] LoggerClass - 🔹 [PropertiesReader] Setting System Property: appender.console.filter.threshold.type = ThresholdFilter
[INFO ] 2025-05-18 21:46:17.598 [main] LoggerClass - 🔹 [PropertiesReader] Setting System Property: sun.stderr.encoding = UTF-8
[INFO ] 2025-05-18 21:46:17.598 [main] LoggerClass - 🔹 [PropertiesReader] Setting System Property: java.specification.vendor = Oracle Corporation
[INFO ] 2025-05-18 21:46:17.598 [main] LoggerClass - 🔹 [PropertiesReader] Setting System Property: java.version.date = 2022-10-18
[INFO ] 2025-05-18 21:46:17.598 [main] LoggerClass - 🔹 [PropertiesReader] Setting System Property: java.home = C:\Program Files\Java\jdk-19
[INFO ] 2025-05-18 21:46:17.599 [main] LoggerClass - 🔹 [PropertiesReader] Setting System Property: file.separator = \
[INFO ] 2025-05-18 21:46:17.599 [main] LoggerClass - 🔹 [PropertiesReader] Setting System Property: java.vm.compressedOopsMode = 32-bit
[INFO ] 2025-05-18 21:46:17.599 [main] LoggerClass - 🔹 [PropertiesReader] Setting System Property: sun.stdout.encoding = UTF-8
[INFO ] 2025-05-18 21:46:17.599 [main] LoggerClass - 🔹 [PropertiesReader] Setting System Property: line.separator = 

[INFO ] 2025-05-18 21:46:17.600 [main] LoggerClass - 🔹 [PropertiesReader] Setting System Property: java.vm.specification.vendor = Oracle Corporation
[INFO ] 2025-05-18 21:46:17.600 [main] LoggerClass - 🔹 [PropertiesReader] Setting System Property: java.specification.name = Java Platform API Specification
[INFO ] 2025-05-18 21:46:17.600 [main] LoggerClass - 🔹 [PropertiesReader] Setting System Property: appender.file.layout.pattern = [%-5level] %d{yyyy-MM-dd HH:mm:ss.SSS} [%t] %c{1} - %msg%n
[INFO ] 2025-05-18 21:46:17.602 [main] LoggerClass - 🔹 [PropertiesReader] Setting System Property: remote.execution.host = localhost
[INFO ] 2025-05-18 21:46:17.602 [main] LoggerClass - 🔹 [PropertiesReader] Setting System Property: rootLogger = debug, STDOUT, LOGFILE
[INFO ] 2025-05-18 21:46:17.602 [main] LoggerClass - 🔹 [PropertiesReader] Setting System Property: user.script = 
[INFO ] 2025-05-18 21:46:17.602 [main] LoggerClass - 🔹 [PropertiesReader] Setting System Property: appender.file.layout.type = PatternLayout
[INFO ] 2025-05-18 21:46:17.603 [main] LoggerClass - 🔹 [PropertiesReader] Setting System Property: sun.management.compiler = HotSpot 64-Bit Tiered Compilers
[INFO ] 2025-05-18 21:46:17.603 [main] LoggerClass - 🔹 [PropertiesReader] Setting System Property: java.runtime.version = 19.0.1+10-21
[INFO ] 2025-05-18 21:46:17.603 [main] LoggerClass - 🔹 [PropertiesReader] Setting System Property: appender.file.fileName = target/logs/execution logs.log
[INFO ] 2025-05-18 21:46:17.603 [main] LoggerClass - 🔹 [PropertiesReader] Setting System Property: user.name = 20112
[INFO ] 2025-05-18 21:46:17.603 [main] LoggerClass - 🔹 [PropertiesReader] Setting System Property: file.encoding = UTF-8
[INFO ] 2025-05-18 21:46:17.603 [main] LoggerClass - 🔹 [PropertiesReader] Setting System Property: appender.file.filter.threshold.type = ThresholdFilter
[INFO ] 2025-05-18 21:46:17.604 [main] LoggerClass - 🔹 [PropertiesReader] Setting System Property: java.io.tmpdir = C:\Users\20112\AppData\Local\Temp\
[INFO ] 2025-05-18 21:46:17.604 [main] LoggerClass - 🔹 [PropertiesReader] Setting System Property: remote.execution.port = 4444
[INFO ] 2025-05-18 21:46:17.604 [main] LoggerClass - 🔹 [PropertiesReader] Setting System Property: java.version = 19.0.1
[INFO ] 2025-05-18 21:46:17.604 [main] LoggerClass - 🔹 [PropertiesReader] Setting System Property: webdriver.wait = 60
[INFO ] 2025-05-18 21:46:17.604 [main] LoggerClass - 🔹 [PropertiesReader] Setting System Property: java.vm.specification.name = Java Virtual Machine Specification
[INFO ] 2025-05-18 21:46:17.604 [main] LoggerClass - 🔹 [PropertiesReader] Setting System Property: sun.os.patch.level = 
[INFO ] 2025-05-18 21:46:17.605 [main] LoggerClass - 🔹 [PropertiesReader] Setting System Property: native.encoding = Cp1252
[INFO ] 2025-05-18 21:46:17.605 [main] LoggerClass - 🔹 [PropertiesReader] Setting System Property: java.library.path = C:\Program Files\Java\jdk-19\bin;C:\WINDOWS\Sun\Java\bin;C:\WINDOWS\system32;C:\WINDOWS;C:\Program Files\Common Files\Oracle\Java\javapath;C:\WINDOWS\system32;C:\WINDOWS;C:\WINDOWS\System32\Wbem;C:\WINDOWS\System32\WindowsPowerShell\v1.0\;C:\WINDOWS\System32\OpenSSH\;C:\OrCAD\OrCAD_16.6_Lite\tools\bin;C:\OrCAD\OrCAD_16.6_Lite\tools\specctra\bin;C:\OrCAD\OrCAD_16.6_Lite\tools\PSpice;C:\OrCAD\OrCAD_16.6_Lite\tools\Capture;C:\OrCAD\OrCAD_16.6_Lite\tools\fet\bin;C:\OrCAD\OrCAD_16.6_Lite\tools\pcb\bin;C:\OrCAD\OrCAD_16.6_Lite\OpenAccess\bin\win32\opt;C:\Program Files\Polyspace\R2020a\runtime\win64;C:\Program Files\Polyspace\R2020a\bin;C:\Program Files\Polyspace\R2020a\polyspace\bin;C:\Program Files\dotnet\;C:\Program Files\Git\cmd;C:\Program Files\Java\jdk-19\bin;C:\Users\20112\AppData\Local\Programs\Python\Python310\Scripts;C:\Users\20112\Desktop\DEPI\SWT\Auto\allure-2.30.0\allure-2.30.0\bin;C:\Users\20112\Desktop\DEPI\SWT\Auto\apache-maven-3.9.9-bin\apache-maven-3.9.9\bin;C:\Users\20112\Downloads\apache-maven-3.9.9-bin\apache-maven-3.9.9\bin;C:\Users\20112\AppData\Local\Microsoft\WindowsApps;C:\Users\20112\AppData\Local\Programs\Microsoft VS Code\bin;C:\Users\20112\Documents;C:\Users\20112\Documents\flutter\bin;C:\Program Files\JetBrains\IntelliJ IDEA Community Edition 2022.3\bin;;C:\Users\20112\AppData\Local\Programs\Python\Python310\Scripts;C:\Users\20112\AppData\Local\GitHubDesktop\bin;C:\Users\20112\Downloads\apache-maven-3.9.9-bin\apache-maven-3.9.9\bin;;.
[INFO ] 2025-05-18 21:46:17.606 [main] LoggerClass - 🔹 [PropertiesReader] Setting System Property: stderr.encoding = UTF-8
[INFO ] 2025-05-18 21:46:17.606 [main] LoggerClass - 🔹 [PropertiesReader] Setting System Property: java.vendor = Oracle Corporation
[INFO ] 2025-05-18 21:46:17.606 [main] LoggerClass - 🔹 [PropertiesReader] Setting System Property: width = 1024
[INFO ] 2025-05-18 21:46:17.606 [main] LoggerClass - 🔹 [PropertiesReader] Setting System Property: sun.io.unicode.encoding = UnicodeLittle
[INFO ] 2025-05-18 21:46:17.607 [main] LoggerClass - 🔹 [PropertiesReader] Setting System Property: browser.type = google chrome
[INFO ] 2025-05-18 21:46:17.607 [main] LoggerClass - 🔹 [PropertiesReader] Setting System Property: appender.console.filter.threshold.level = info
[INFO ] 2025-05-18 21:46:17.607 [main] LoggerClass - 🔹 [PropertiesReader] Setting System Property: java.class.path = C:\Program Files\JetBrains\IntelliJ IDEA Community Edition 2022.3\lib\idea_rt.jar;C:\Program Files\JetBrains\IntelliJ IDEA Community Edition 2022.3\plugins\testng\lib\testng-rt.jar;C:\Users\20112\Desktop\Final Projects\SauceDemoWebsite\target\test-classes;C:\Users\20112\Desktop\Final Projects\SauceDemoWebsite\target\classes;C:\Users\20112\.m2\repository\org\seleniumhq\selenium\selenium-java\4.15.0\selenium-java-4.15.0.jar;C:\Users\20112\.m2\repository\org\seleniumhq\selenium\selenium-api\4.15.0\selenium-api-4.15.0.jar;C:\Users\20112\.m2\repository\org\seleniumhq\selenium\selenium-chrome-driver\4.15.0\selenium-chrome-driver-4.15.0.jar;C:\Users\20112\.m2\repository\com\google\auto\service\auto-service-annotations\1.1.1\auto-service-annotations-1.1.1.jar;C:\Users\20112\.m2\repository\org\seleniumhq\selenium\selenium-chromium-driver\4.15.0\selenium-chromium-driver-4.15.0.jar;C:\Users\20112\.m2\repository\org\seleniumhq\selenium\selenium-json\4.15.0\selenium-json-4.15.0.jar;C:\Users\20112\.m2\repository\org\seleniumhq\selenium\selenium-manager\4.15.0\selenium-manager-4.15.0.jar;C:\Users\20112\.m2\repository\org\seleniumhq\selenium\selenium-devtools-v117\4.15.0\selenium-devtools-v117-4.15.0.jar;C:\Users\20112\.m2\repository\org\seleniumhq\selenium\selenium-devtools-v118\4.15.0\selenium-devtools-v118-4.15.0.jar;C:\Users\20112\.m2\repository\org\seleniumhq\selenium\selenium-devtools-v119\4.15.0\selenium-devtools-v119-4.15.0.jar;C:\Users\20112\.m2\repository\org\seleniumhq\selenium\selenium-devtools-v85\4.15.0\selenium-devtools-v85-4.15.0.jar;C:\Users\20112\.m2\repository\org\seleniumhq\selenium\selenium-edge-driver\4.15.0\selenium-edge-driver-4.15.0.jar;C:\Users\20112\.m2\repository\org\seleniumhq\selenium\selenium-firefox-driver\4.15.0\selenium-firefox-driver-4.15.0.jar;C:\Users\20112\.m2\repository\org\seleniumhq\selenium\selenium-http\4.15.0\selenium-http-4.15.0.jar;C:\Users\20112\.m2\repository\dev\failsafe\failsafe\3.3.2\failsafe-3.3.2.jar;C:\Users\20112\.m2\repository\org\seleniumhq\selenium\selenium-ie-driver\4.15.0\selenium-ie-driver-4.15.0.jar;C:\Users\20112\.m2\repository\org\seleniumhq\selenium\selenium-remote-driver\4.15.0\selenium-remote-driver-4.15.0.jar;C:\Users\20112\.m2\repository\com\google\guava\guava\32.1.2-jre\guava-32.1.2-jre.jar;C:\Users\20112\.m2\repository\com\google\guava\failureaccess\1.0.1\failureaccess-1.0.1.jar;C:\Users\20112\.m2\repository\com\google\guava\listenablefuture\9999.0-empty-to-avoid-conflict-with-guava\listenablefuture-9999.0-empty-to-avoid-conflict-with-guava.jar;C:\Users\20112\.m2\repository\com\google\code\findbugs\jsr305\3.0.2\jsr305-3.0.2.jar;C:\Users\20112\.m2\repository\org\checkerframework\checker-qual\3.33.0\checker-qual-3.33.0.jar;C:\Users\20112\.m2\repository\com\google\errorprone\error_prone_annotations\2.18.0\error_prone_annotations-2.18.0.jar;C:\Users\20112\.m2\repository\com\google\j2objc\j2objc-annotations\2.8\j2objc-annotations-2.8.jar;C:\Users\20112\.m2\repository\io\opentelemetry\opentelemetry-api\1.28.0\opentelemetry-api-1.28.0.jar;C:\Users\20112\.m2\repository\io\opentelemetry\opentelemetry-context\1.28.0\opentelemetry-context-1.28.0.jar;C:\Users\20112\.m2\repository\io\opentelemetry\opentelemetry-exporter-logging\1.28.0\opentelemetry-exporter-logging-1.28.0.jar;C:\Users\20112\.m2\repository\io\opentelemetry\opentelemetry-sdk-metrics\1.28.0\opentelemetry-sdk-metrics-1.28.0.jar;C:\Users\20112\.m2\repository\io\opentelemetry\opentelemetry-extension-incubator\1.28.0-alpha\opentelemetry-extension-incubator-1.28.0-alpha.jar;C:\Users\20112\.m2\repository\io\opentelemetry\opentelemetry-sdk-logs\1.28.0\opentelemetry-sdk-logs-1.28.0.jar;C:\Users\20112\.m2\repository\io\opentelemetry\opentelemetry-sdk-common\1.28.0\opentelemetry-sdk-common-1.28.0.jar;C:\Users\20112\.m2\repository\io\opentelemetry\opentelemetry-sdk-extension-autoconfigure-spi\1.28.0\opentelemetry-sdk-extension-autoconfigure-spi-1.28.0.jar;C:\Users\20112\.m2\repository\io\opentelemetry\opentelemetry-sdk-extension-autoconfigure\1.28.0\opentelemetry-sdk-extension-autoconfigure-1.28.0.jar;C:\Users\20112\.m2\repository\io\opentelemetry\opentelemetry-api-events\1.28.0-alpha\opentelemetry-api-events-1.28.0-alpha.jar;C:\Users\20112\.m2\repository\io\opentelemetry\opentelemetry-sdk-trace\1.28.0\opentelemetry-sdk-trace-1.28.0.jar;C:\Users\20112\.m2\repository\io\opentelemetry\opentelemetry-sdk\1.28.0\opentelemetry-sdk-1.28.0.jar;C:\Users\20112\.m2\repository\io\opentelemetry\opentelemetry-semconv\1.28.0-alpha\opentelemetry-semconv-1.28.0-alpha.jar;C:\Users\20112\.m2\repository\net\bytebuddy\byte-buddy\1.14.5\byte-buddy-1.14.5.jar;C:\Users\20112\.m2\repository\org\seleniumhq\selenium\selenium-os\4.15.0\selenium-os-4.15.0.jar;C:\Users\20112\.m2\repository\org\apache\commons\commons-exec\1.3\commons-exec-1.3.jar;C:\Users\20112\.m2\repository\org\seleniumhq\selenium\selenium-safari-driver\4.15.0\selenium-safari-driver-4.15.0.jar;C:\Users\20112\.m2\repository\org\seleniumhq\selenium\selenium-support\4.15.0\selenium-support-4.15.0.jar;C:\Users\20112\.m2\repository\io\github\bonigarcia\webdrivermanager\5.5.3\webdrivermanager-5.5.3.jar;C:\Users\20112\.m2\repository\com\google\code\gson\gson\2.10.1\gson-2.10.1.jar;C:\Users\20112\.m2\repository\com\github\docker-java\docker-java\3.3.3\docker-java-3.3.3.jar;C:\Users\20112\.m2\repository\com\github\docker-java\docker-java-core\3.3.3\docker-java-core-3.3.3.jar;C:\Users\20112\.m2\repository\com\github\docker-java\docker-java-api\3.3.3\docker-java-api-3.3.3.jar;C:\Users\20112\.m2\repository\com\fasterxml\jackson\core\jackson-annotations\2.10.3\jackson-annotations-2.10.3.jar;C:\Users\20112\.m2\repository\com\fasterxml\jackson\core\jackson-databind\2.10.3\jackson-databind-2.10.3.jar;C:\Users\20112\.m2\repository\com\fasterxml\jackson\core\jackson-core\2.10.3\jackson-core-2.10.3.jar;C:\Users\20112\.m2\repository\org\bouncycastle\bcpkix-jdk18on\1.75\bcpkix-jdk18on-1.75.jar;C:\Users\20112\.m2\repository\org\bouncycastle\bcprov-jdk18on\1.75\bcprov-jdk18on-1.75.jar;C:\Users\20112\.m2\repository\org\bouncycastle\bcutil-jdk18on\1.75\bcutil-jdk18on-1.75.jar;C:\Users\20112\.m2\repository\org\slf4j\jcl-over-slf4j\1.7.30\jcl-over-slf4j-1.7.30.jar;C:\Users\20112\.m2\repository\com\github\docker-java\docker-java-transport-httpclient5\3.3.3\docker-java-transport-httpclient5-3.3.3.jar;C:\Users\20112\.m2\repository\com\github\docker-java\docker-java-transport\3.3.3\docker-java-transport-3.3.3.jar;C:\Users\20112\.m2\repository\net\java\dev\jna\jna\5.12.1\jna-5.12.1.jar;C:\Users\20112\.m2\repository\org\brotli\dec\0.1.2\dec-0.1.2.jar;C:\Users\20112\.m2\repository\org\apache\commons\commons-lang3\3.13.0\commons-lang3-3.13.0.jar;C:\Users\20112\.m2\repository\org\apache\httpcomponents\client5\httpclient5\5.2.1\httpclient5-5.2.1.jar;C:\Users\20112\.m2\repository\org\apache\httpcomponents\core5\httpcore5\5.2\httpcore5-5.2.jar;C:\Users\20112\.m2\repository\org\apache\httpcomponents\core5\httpcore5-h2\5.2\httpcore5-h2-5.2.jar;C:\Users\20112\.m2\repository\org\testng\testng\7.10.0\testng-7.10.0.jar;C:\Users\20112\.m2\repository\com\beust\jcommander\1.82\jcommander-1.82.jar;C:\Users\20112\.m2\repository\org\webjars\jquery\3.7.1\jquery-3.7.1.jar;C:\Users\20112\.m2\repository\io\rest-assured\rest-assured\5.3.0\rest-assured-5.3.0.jar;C:\Users\20112\.m2\repository\org\apache\groovy\groovy\4.0.6\groovy-4.0.6.jar;C:\Users\20112\.m2\repository\org\apache\groovy\groovy-xml\4.0.6\groovy-xml-4.0.6.jar;C:\Users\20112\.m2\repository\org\apache\httpcomponents\httpclient\4.5.13\httpclient-4.5.13.jar;C:\Users\20112\.m2\repository\org\apache\httpcomponents\httpcore\4.4.13\httpcore-4.4.13.jar;C:\Users\20112\.m2\repository\commons-logging\commons-logging\1.2\commons-logging-1.2.jar;C:\Users\20112\.m2\repository\commons-codec\commons-codec\1.11\commons-codec-1.11.jar;C:\Users\20112\.m2\repository\org\apache\httpcomponents\httpmime\4.5.13\httpmime-4.5.13.jar;C:\Users\20112\.m2\repository\org\hamcrest\hamcrest\2.1\hamcrest-2.1.jar;C:\Users\20112\.m2\repository\org\ccil\cowan\tagsoup\tagsoup\1.2.1\tagsoup-1.2.1.jar;C:\Users\20112\.m2\repository\io\rest-assured\json-path\5.3.0\json-path-5.3.0.jar;C:\Users\20112\.m2\repository\org\apache\groovy\groovy-json\4.0.6\groovy-json-4.0.6.jar;C:\Users\20112\.m2\repository\io\rest-assured\rest-assured-common\5.3.0\rest-assured-common-5.3.0.jar;C:\Users\20112\.m2\repository\io\rest-assured\xml-path\5.3.0\xml-path-5.3.0.jar;C:\Users\20112\.m2\repository\com\jayway\jsonpath\json-path\2.9.0\json-path-2.9.0.jar;C:\Users\20112\.m2\repository\net\minidev\json-smart\2.5.0\json-smart-2.5.0.jar;C:\Users\20112\.m2\repository\net\minidev\accessors-smart\2.5.0\accessors-smart-2.5.0.jar;C:\Users\20112\.m2\repository\org\ow2\asm\asm\9.3\asm-9.3.jar;C:\Users\20112\.m2\repository\org\apache\poi\poi-ooxml\5.4.0\poi-ooxml-5.4.0.jar;C:\Users\20112\.m2\repository\org\apache\poi\poi\5.4.0\poi-5.4.0.jar;C:\Users\20112\.m2\repository\org\apache\commons\commons-math3\3.6.1\commons-math3-3.6.1.jar;C:\Users\20112\.m2\repository\com\zaxxer\SparseBitSet\1.3\SparseBitSet-1.3.jar;C:\Users\20112\.m2\repository\org\apache\poi\poi-ooxml-lite\5.4.0\poi-ooxml-lite-5.4.0.jar;C:\Users\20112\.m2\repository\org\apache\xmlbeans\xmlbeans\5.3.0\xmlbeans-5.3.0.jar;C:\Users\20112\.m2\repository\org\apache\commons\commons-compress\1.27.1\commons-compress-1.27.1.jar;C:\Users\20112\.m2\repository\com\github\virtuald\curvesapi\1.08\curvesapi-1.08.jar;C:\Users\20112\.m2\repository\org\apache\commons\commons-collections4\4.4\commons-collections4-4.4.jar;C:\Users\20112\.m2\repository\commons-io\commons-io\2.13.0\commons-io-2.13.0.jar;C:\Users\20112\.m2\repository\io\qameta\allure\allure-testng\2.29.0\allure-testng-2.29.0.jar;C:\Users\20112\.m2\repository\io\qameta\allure\allure-java-commons\2.29.0\allure-java-commons-2.29.0.jar;C:\Users\20112\.m2\repository\io\qameta\allure\allure-model\2.29.0\allure-model-2.29.0.jar;C:\Users\20112\.m2\repository\io\qameta\allure\allure-test-filter\2.29.0\allure-test-filter-2.29.0.jar;C:\Users\20112\.m2\repository\com\aventstack\extentreports\5.1.2\extentreports-5.1.2.jar;C:\Users\20112\.m2\repository\io\reactivex\rxjava3\rxjava\3.1.6\rxjava-3.1.6.jar;C:\Users\20112\.m2\repository\org\reactivestreams\reactive-streams\1.0.4\reactive-streams-1.0.4.jar;C:\Users\20112\.m2\repository\org\freemarker\freemarker\2.3.32\freemarker-2.3.32.jar;C:\Users\20112\.m2\repository\org\aspectj\aspectjweaver\1.9.22\aspectjweaver-1.9.22.jar;C:\Users\20112\.m2\repository\org\slf4j\slf4j-api\2.0.9\slf4j-api-2.0.9.jar;C:\Users\20112\.m2\repository\org\slf4j\slf4j-simple\2.0.9\slf4j-simple-2.0.9.jar;C:\Users\20112\.m2\repository\com\googlecode\json-simple\json-simple\1.1.1\json-simple-1.1.1.jar;C:\Users\20112\.m2\repository\org\projectlombok\lombok\1.18.28\lombok-1.18.28.jar;C:\Users\20112\.m2\repository\org\apache\logging\log4j\log4j-core\2.22.0\log4j-core-2.22.0.jar;C:\Users\20112\.m2\repository\org\apache\logging\log4j\log4j-api\2.22.0\log4j-api-2.22.0.jar;C:\Users\20112\.m2\repository\org\apache\logging\log4j\log4j-slf4j2-impl\2.22.0\log4j-slf4j2-impl-2.22.0.jar;C:\Users\20112\.m2\repository\com\automation-remarks\video-recorder-testng\2.0\video-recorder-testng-2.0.jar;C:\Users\20112\.m2\repository\com\automation-remarks\video-recorder-core\2.0\video-recorder-core-2.0.jar;C:\Users\20112\.m2\repository\org\aeonbits\owner\owner-java8\1.0.10\owner-java8-1.0.10.jar;C:\Users\20112\.m2\repository\org\aeonbits\owner\owner\1.0.10\owner-1.0.10.jar;C:\Users\20112\.m2\repository\org\zeroturnaround\zt-exec\1.10\zt-exec-1.10.jar;C:\Users\20112\.m2\repository\org\awaitility\awaitility\3.1.6\awaitility-3.1.6.jar;C:\Users\20112\.m2\repository\org\hamcrest\hamcrest-library\1.3\hamcrest-library-1.3.jar;C:\Users\20112\.m2\repository\org\hamcrest\hamcrest-core\1.3\hamcrest-core-1.3.jar;C:\Users\20112\.m2\repository\org\objenesis\objenesis\2.6\objenesis-2.6.jar;C:\Users\20112\.m2\repository\log4j\log4j\1.2.17\log4j-1.2.17.jar;C:\Users\20112\.m2\repository\org\json\json\20180813\json-20180813.jar
[INFO ] 2025-05-18 21:46:17.608 [main] LoggerClass - 🔹 [PropertiesReader] Setting System Property: java.vm.vendor = Oracle Corporation
[INFO ] 2025-05-18 21:46:17.608 [main] LoggerClass - 🔹 [PropertiesReader] Setting System Property: allure.report.directory = target/allure-report
[INFO ] 2025-05-18 21:46:17.608 [main] LoggerClass - 🔹 [PropertiesReader] Setting System Property: user.variant = 
[INFO ] 2025-05-18 21:46:17.608 [main] LoggerClass - 🔹 [PropertiesReader] Setting System Property: user.timezone = Africa/Cairo
[INFO ] 2025-05-18 21:46:17.610 [main] LoggerClass - 🔹 [PropertiesReader] Setting System Property: java.vm.specification.version = 19
[INFO ] 2025-05-18 21:46:17.610 [main] LoggerClass - 🔹 [PropertiesReader] Setting System Property: os.name = Windows 11
[INFO ] 2025-05-18 21:46:17.610 [main] LoggerClass - 🔹 [PropertiesReader] Setting System Property: allure.link.issue.pattern = https://en.wikipedia.org/wiki/{}
[INFO ] 2025-05-18 21:46:17.610 [main] LoggerClass - 🔹 [PropertiesReader] Setting System Property: sun.java.launcher = SUN_STANDARD
[INFO ] 2025-05-18 21:46:17.610 [main] LoggerClass - 🔹 [PropertiesReader] Setting System Property: user.country = US
[INFO ] 2025-05-18 21:46:17.611 [main] LoggerClass - 🔹 [PropertiesReader] Setting System Property: allure.results.directory = target/allure-results
[INFO ] 2025-05-18 21:46:17.611 [main] LoggerClass - 🔹 [PropertiesReader] Setting System Property: sun.cpu.endian = little
[INFO ] 2025-05-18 21:46:17.611 [main] LoggerClass - 🔹 [PropertiesReader] Setting System Property: user.home = C:\Users\20112
[INFO ] 2025-05-18 21:46:17.611 [main] LoggerClass - 🔹 [PropertiesReader] Setting System Property: user.language = en
[INFO ] 2025-05-18 21:46:17.611 [main] LoggerClass - 🔹 [PropertiesReader] Setting System Property: allure.link.tms.pattern = https://en.wikipedia.org/wiki/{}
[INFO ] 2025-05-18 21:46:17.612 [main] LoggerClass - 🔹 [PropertiesReader] Setting System Property: appender.file.append = false
[INFO ] 2025-05-18 21:46:17.612 [main] LoggerClass - 🔹 [PropertiesReader] Setting System Property: name = PropertiesConfig
[INFO ] 2025-05-18 21:46:17.612 [main] LoggerClass - 🔹 [PropertiesReader] Setting System Property: appender.console.name = STDOUT
[INFO ] 2025-05-18 21:46:17.612 [main] LoggerClass - 🔹 [PropertiesReader] Setting System Property: appender.console.layout.type = PatternLayout
[INFO ] 2025-05-18 21:46:17.612 [main] LoggerClass - 🔹 [PropertiesReader] Setting System Property: appender.file.name = LOGFILE
[INFO ] 2025-05-18 21:46:17.612 [main] LoggerClass - 🔹 [PropertiesReader] Setting System Property: appender.console.layout.disableAnsi = false
[INFO ] 2025-05-18 21:46:17.613 [main] LoggerClass - 🔹 [PropertiesReader] Setting System Property: allure.link.mylink.pattern = 
[INFO ] 2025-05-18 21:46:17.613 [main] LoggerClass - 🔹 [PropertiesReader] Setting System Property: stdout.encoding = UTF-8
[INFO ] 2025-05-18 21:46:17.613 [main] LoggerClass - 🔹 [PropertiesReader] Setting System Property: path.separator = ;
[INFO ] 2025-05-18 21:46:17.613 [main] LoggerClass - 🔹 [PropertiesReader] Setting System Property: os.version = 10.0
[INFO ] 2025-05-18 21:46:17.614 [main] LoggerClass - 🔹 [PropertiesReader] Setting System Property: java.runtime.name = Java(TM) SE Runtime Environment
[INFO ] 2025-05-18 21:46:17.614 [main] LoggerClass - 🔹 [PropertiesReader] Setting System Property: websitename.baseurl = https://www.saucedemo.com/
[INFO ] 2025-05-18 21:46:17.614 [main] LoggerClass - 🔹 [PropertiesReader] Setting System Property: java.vm.name = Java HotSpot(TM) 64-Bit Server VM
[INFO ] 2025-05-18 21:46:17.615 [main] LoggerClass - 🔹 [PropertiesReader] Setting System Property: java.vendor.url.bug = https://bugreport.java.com/bugreport/
[INFO ] 2025-05-18 21:46:17.615 [main] LoggerClass - 🔹 [PropertiesReader] Setting System Property: user.dir = C:\Users\20112\Desktop\Final Projects\SauceDemoWebsite
[INFO ] 2025-05-18 21:46:17.615 [main] LoggerClass - 🔹 [PropertiesReader] Setting System Property: os.arch = amd64
[INFO ] 2025-05-18 21:46:17.615 [main] LoggerClass - 🔹 [PropertiesReader] Setting System Property: appender.file.type = File
[INFO ] 2025-05-18 21:46:17.615 [main] LoggerClass - 🔹 [PropertiesReader] Setting System Property: appender.file.filter.threshold.level = debug
[INFO ] 2025-05-18 21:46:17.616 [main] LoggerClass - 🔹 [PropertiesReader] Setting System Property: java.vm.info = mixed mode, sharing
[INFO ] 2025-05-18 21:46:17.616 [main] LoggerClass - 🔹 [PropertiesReader] Setting System Property: java.vm.version = 19.0.1+10-21
[INFO ] 2025-05-18 21:46:17.616 [main] LoggerClass - 🔹 [PropertiesReader] Setting System Property: execution.type = Local
[INFO ] 2025-05-18 21:46:17.616 [main] LoggerClass - 🔹 [PropertiesReader] Setting System Property: java.class.version = 63.0
[INFO ] 2025-05-18 21:46:17.617 [main] LoggerClass - ✅ [PropertiesReader] Loading properties from: C:\Users\20112\Desktop\Final Projects\SauceDemoWebsite\src\main\resources\allure.properties
[INFO ] 2025-05-18 21:46:17.618 [main] LoggerClass - ✅ [PropertiesReader] Loading properties from: C:\Users\20112\Desktop\Final Projects\SauceDemoWebsite\src\main\resources\configuration.properties
[INFO ] 2025-05-18 21:46:17.619 [main] LoggerClass - ✅ [PropertiesReader] Loading properties from: C:\Users\20112\Desktop\Final Projects\SauceDemoWebsite\src\main\resources\log4j2.properties
[INFO ] 2025-05-18 21:46:17.620 [main] LoggerClass - ✅ [PropertiesReader] Properties loaded successfully.
[INFO ] 2025-05-18 21:46:17.620 [main] LoggerClass - 🔹 [PropertiesReader] Setting System Property: appender.console.type = Console
[INFO ] 2025-05-18 21:46:17.620 [main] LoggerClass - 🔹 [PropertiesReader] Setting System Property: appender.console.layout.pattern = %d{yyyy-MMMM-dd : hh:mm:ss a } %highlight{${LOG_LEVEL_PATTERN:-%5p}}{FATAL=red blink, ERROR=red, WARN=yellow bold, INFO=green, DEBUG=green bold, TRACE=blue} %style{[%t]}{magenta} %style{%logger{36}}{cyan} : %m%n${LOG_EXCEPTION_CONVERSION_WORD:-}
[INFO ] 2025-05-18 21:46:17.620 [main] LoggerClass - 🔹 [PropertiesReader] Setting System Property: java.specification.version = 19
[INFO ] 2025-05-18 21:46:17.621 [main] LoggerClass - 🔹 [PropertiesReader] Setting System Property: sun.cpu.isalist = amd64
[INFO ] 2025-05-18 21:46:17.621 [main] LoggerClass - 🔹 [PropertiesReader] Setting System Property: sun.arch.data.model = 64
[INFO ] 2025-05-18 21:46:17.621 [main] LoggerClass - 🔹 [PropertiesReader] Setting System Property: idea.test.cyclic.buffer.size = 1048576
[INFO ] 2025-05-18 21:46:17.621 [main] LoggerClass - 🔹 [PropertiesReader] Setting System Property: maximize = true
[INFO ] 2025-05-18 21:46:17.621 [main] LoggerClass - 🔹 [PropertiesReader] Setting System Property: java.vendor.url = https://java.oracle.com/
[INFO ] 2025-05-18 21:46:17.621 [main] LoggerClass - 🔹 [PropertiesReader] Setting System Property: height = 768
[INFO ] 2025-05-18 21:46:17.622 [main] LoggerClass - 🔹 [PropertiesReader] Setting System Property: sun.boot.library.path = C:\Program Files\Java\jdk-19\bin
[INFO ] 2025-05-18 21:46:17.622 [main] LoggerClass - 🔹 [PropertiesReader] Setting System Property: sun.java.command = com.intellij.rt.testng.RemoteTestNGStarter -usedefaultlisteners false -socket51461 @w@C:\Users\20112\AppData\Local\Temp\idea_working_dirs_testng.tmp -temp C:\Users\20112\AppData\Local\Temp\idea_testng.tmp
[INFO ] 2025-05-18 21:46:17.622 [main] LoggerClass - 🔹 [PropertiesReader] Setting System Property: jdk.debug = release
[INFO ] 2025-05-18 21:46:17.622 [main] LoggerClass - 🔹 [PropertiesReader] Setting System Property: appender.console.filter.threshold.type = ThresholdFilter
[INFO ] 2025-05-18 21:46:17.622 [main] LoggerClass - 🔹 [PropertiesReader] Setting System Property: java.specification.vendor = Oracle Corporation
[INFO ] 2025-05-18 21:46:17.622 [main] LoggerClass - 🔹 [PropertiesReader] Setting System Property: java.version.date = 2022-10-18
[INFO ] 2025-05-18 21:46:17.624 [main] LoggerClass - 🔹 [PropertiesReader] Setting System Property: java.home = C:\Program Files\Java\jdk-19
[INFO ] 2025-05-18 21:46:17.624 [main] LoggerClass - 🔹 [PropertiesReader] Setting System Property: java.vm.specification.vendor = Oracle Corporation
[INFO ] 2025-05-18 21:46:17.624 [main] LoggerClass - 🔹 [PropertiesReader] Setting System Property: java.specification.name = Java Platform API Specification
[INFO ] 2025-05-18 21:46:17.624 [main] LoggerClass - 🔹 [PropertiesReader] Setting System Property: rootLogger = debug, STDOUT, LOGFILE
[INFO ] 2025-05-18 21:46:17.624 [main] LoggerClass - 🔹 [PropertiesReader] Setting System Property: user.script = 
[INFO ] 2025-05-18 21:46:17.624 [main] LoggerClass - 🔹 [PropertiesReader] Setting System Property: appender.file.layout.type = PatternLayout
[INFO ] 2025-05-18 21:46:17.624 [main] LoggerClass - 🔹 [PropertiesReader] Setting System Property: sun.management.compiler = HotSpot 64-Bit Tiered Compilers
[INFO ] 2025-05-18 21:46:17.624 [main] LoggerClass - 🔹 [PropertiesReader] Setting System Property: java.runtime.version = 19.0.1+10-21
[INFO ] 2025-05-18 21:46:17.625 [main] LoggerClass - 🔹 [PropertiesReader] Setting System Property: appender.file.fileName = target/logs/execution logs.log
[INFO ] 2025-05-18 21:46:17.625 [main] LoggerClass - 🔹 [PropertiesReader] Setting System Property: file.encoding = UTF-8
[INFO ] 2025-05-18 21:46:17.625 [main] LoggerClass - 🔹 [PropertiesReader] Setting System Property: appender.file.filter.threshold.type = ThresholdFilter
[INFO ] 2025-05-18 21:46:17.625 [main] LoggerClass - 🔹 [PropertiesReader] Setting System Property: java.io.tmpdir = C:\Users\20112\AppData\Local\Temp\
[INFO ] 2025-05-18 21:46:17.626 [main] LoggerClass - 🔹 [PropertiesReader] Setting System Property: remote.execution.port = 4444
[INFO ] 2025-05-18 21:46:17.626 [main] LoggerClass - 🔹 [PropertiesReader] Setting System Property: java.version = 19.0.1
[INFO ] 2025-05-18 21:46:17.626 [main] LoggerClass - 🔹 [PropertiesReader] Setting System Property: webdriver.wait = 60
[INFO ] 2025-05-18 21:46:17.626 [main] LoggerClass - 🔹 [PropertiesReader] Setting System Property: java.vm.specification.name = Java Virtual Machine Specification
[INFO ] 2025-05-18 21:46:17.626 [main] LoggerClass - 🔹 [PropertiesReader] Setting System Property: native.encoding = Cp1252
[INFO ] 2025-05-18 21:46:17.627 [main] LoggerClass - 🔹 [PropertiesReader] Setting System Property: java.library.path = C:\Program Files\Java\jdk-19\bin;C:\WINDOWS\Sun\Java\bin;C:\WINDOWS\system32;C:\WINDOWS;C:\Program Files\Common Files\Oracle\Java\javapath;C:\WINDOWS\system32;C:\WINDOWS;C:\WINDOWS\System32\Wbem;C:\WINDOWS\System32\WindowsPowerShell\v1.0\;C:\WINDOWS\System32\OpenSSH\;C:\OrCAD\OrCAD_16.6_Lite\tools\bin;C:\OrCAD\OrCAD_16.6_Lite\tools\specctra\bin;C:\OrCAD\OrCAD_16.6_Lite\tools\PSpice;C:\OrCAD\OrCAD_16.6_Lite\tools\Capture;C:\OrCAD\OrCAD_16.6_Lite\tools\fet\bin;C:\OrCAD\OrCAD_16.6_Lite\tools\pcb\bin;C:\OrCAD\OrCAD_16.6_Lite\OpenAccess\bin\win32\opt;C:\Program Files\Polyspace\R2020a\runtime\win64;C:\Program Files\Polyspace\R2020a\bin;C:\Program Files\Polyspace\R2020a\polyspace\bin;C:\Program Files\dotnet\;C:\Program Files\Git\cmd;C:\Program Files\Java\jdk-19\bin;C:\Users\20112\AppData\Local\Programs\Python\Python310\Scripts;C:\Users\20112\Desktop\DEPI\SWT\Auto\allure-2.30.0\allure-2.30.0\bin;C:\Users\20112\Desktop\DEPI\SWT\Auto\apache-maven-3.9.9-bin\apache-maven-3.9.9\bin;C:\Users\20112\Downloads\apache-maven-3.9.9-bin\apache-maven-3.9.9\bin;C:\Users\20112\AppData\Local\Microsoft\WindowsApps;C:\Users\20112\AppData\Local\Programs\Microsoft VS Code\bin;C:\Users\20112\Documents;C:\Users\20112\Documents\flutter\bin;C:\Program Files\JetBrains\IntelliJ IDEA Community Edition 2022.3\bin;;C:\Users\20112\AppData\Local\Programs\Python\Python310\Scripts;C:\Users\20112\AppData\Local\GitHubDesktop\bin;C:\Users\20112\Downloads\apache-maven-3.9.9-bin\apache-maven-3.9.9\bin;;.
[INFO ] 2025-05-18 21:46:17.627 [main] LoggerClass - 🔹 [PropertiesReader] Setting System Property: stderr.encoding = UTF-8
[INFO ] 2025-05-18 21:46:17.627 [main] LoggerClass - 🔹 [PropertiesReader] Setting System Property: java.vendor = Oracle Corporation
[INFO ] 2025-05-18 21:46:17.627 [main] LoggerClass - 🔹 [PropertiesReader] Setting System Property: sun.io.unicode.encoding = UnicodeLittle
[INFO ] 2025-05-18 21:46:17.627 [main] LoggerClass - 🔹 [PropertiesReader] Setting System Property: appender.console.filter.threshold.level = info
[INFO ] 2025-05-18 21:46:17.629 [main] LoggerClass - 🔹 [PropertiesReader] Setting System Property: allure.report.directory = target/allure-report
[INFO ] 2025-05-18 21:46:17.629 [main] LoggerClass - 🔹 [PropertiesReader] Setting System Property: user.timezone = Africa/Cairo
[INFO ] 2025-05-18 21:46:17.629 [main] LoggerClass - 🔹 [PropertiesReader] Setting System Property: java.vm.specification.version = 19
[INFO ] 2025-05-18 21:46:17.629 [main] LoggerClass - 🔹 [PropertiesReader] Setting System Property: os.name = Windows 11
[INFO ] 2025-05-18 21:46:17.629 [main] LoggerClass - 🔹 [PropertiesReader] Setting System Property: allure.results.directory = target/allure-results
[INFO ] 2025-05-18 21:46:17.630 [main] LoggerClass - 🔹 [PropertiesReader] Setting System Property: user.home = C:\Users\20112
[INFO ] 2025-05-18 21:46:17.630 [main] LoggerClass - 🔹 [PropertiesReader] Setting System Property: name = PropertiesConfig
[INFO ] 2025-05-18 21:46:17.630 [main] LoggerClass - 🔹 [PropertiesReader] Setting System Property: appender.console.layout.type = PatternLayout
[INFO ] 2025-05-18 21:46:17.630 [main] LoggerClass - 🔹 [PropertiesReader] Setting System Property: appender.console.name = STDOUT
[INFO ] 2025-05-18 21:46:17.630 [main] LoggerClass - 🔹 [PropertiesReader] Setting System Property: appender.console.layout.disableAnsi = false
[INFO ] 2025-05-18 21:46:17.630 [main] LoggerClass - 🔹 [PropertiesReader] Setting System Property: allure.link.mylink.pattern = 
[INFO ] 2025-05-18 21:46:17.630 [main] LoggerClass - 🔹 [PropertiesReader] Setting System Property: stdout.encoding = UTF-8
[INFO ] 2025-05-18 21:46:17.631 [main] LoggerClass - 🔹 [PropertiesReader] Setting System Property: path.separator = ;
[INFO ] 2025-05-18 21:46:17.631 [main] LoggerClass - 🔹 [PropertiesReader] Setting System Property: os.version = 10.0
[INFO ] 2025-05-18 21:46:17.631 [main] LoggerClass - 🔹 [PropertiesReader] Setting System Property: websitename.baseurl = https://www.saucedemo.com/
[INFO ] 2025-05-18 21:46:17.631 [main] LoggerClass - 🔹 [PropertiesReader] Setting System Property: java.vm.name = Java HotSpot(TM) 64-Bit Server VM
[INFO ] 2025-05-18 21:46:17.631 [main] LoggerClass - 🔹 [PropertiesReader] Setting System Property: os.arch = amd64
[INFO ] 2025-05-18 21:46:17.632 [main] LoggerClass - 🔹 [PropertiesReader] Setting System Property: appender.file.type = File
[INFO ] 2025-05-18 21:46:17.632 [main] LoggerClass - 🔹 [PropertiesReader] Setting System Property: java.vm.info = mixed mode, sharing
[INFO ] 2025-05-18 21:46:17.632 [main] LoggerClass - 🔹 [PropertiesReader] Setting System Property: java.class.version = 63.0
[INFO ] 2025-05-18 21:46:17.632 [main] LoggerClass - 🔹 [PropertiesReader] Setting System Property: sun.jnu.encoding = Cp1252
[INFO ] 2025-05-18 21:46:17.632 [main] LoggerClass - 🔹 [PropertiesReader] Setting System Property: sun.stderr.encoding = UTF-8
[INFO ] 2025-05-18 21:46:17.632 [main] LoggerClass - 🔹 [PropertiesReader] Setting System Property: file.separator = \
[INFO ] 2025-05-18 21:46:17.633 [main] LoggerClass - 🔹 [PropertiesReader] Setting System Property: java.vm.compressedOopsMode = 32-bit
[INFO ] 2025-05-18 21:46:17.633 [main] LoggerClass - 🔹 [PropertiesReader] Setting System Property: sun.stdout.encoding = UTF-8
[INFO ] 2025-05-18 21:46:17.633 [main] LoggerClass - 🔹 [PropertiesReader] Setting System Property: line.separator = 

[INFO ] 2025-05-18 21:46:17.633 [main] LoggerClass - 🔹 [PropertiesReader] Setting System Property: appender.file.layout.pattern = [%-5level] %d{yyyy-MM-dd HH:mm:ss.SSS} [%t] %c{1} - %msg%n
[INFO ] 2025-05-18 21:46:17.633 [main] LoggerClass - 🔹 [PropertiesReader] Setting System Property: remote.execution.host = localhost
[INFO ] 2025-05-18 21:46:17.633 [main] LoggerClass - 🔹 [PropertiesReader] Setting System Property: user.name = 20112
[INFO ] 2025-05-18 21:46:17.634 [main] LoggerClass - 🔹 [PropertiesReader] Setting System Property: sun.os.patch.level = 
[INFO ] 2025-05-18 21:46:17.634 [main] LoggerClass - 🔹 [PropertiesReader] Setting System Property: width = 1024
[INFO ] 2025-05-18 21:46:17.634 [main] LoggerClass - 🔹 [PropertiesReader] Setting System Property: browser.type = google chrome
[INFO ] 2025-05-18 21:46:17.634 [main] LoggerClass - 🔹 [PropertiesReader] Setting System Property: java.class.path = C:\Program Files\JetBrains\IntelliJ IDEA Community Edition 2022.3\lib\idea_rt.jar;C:\Program Files\JetBrains\IntelliJ IDEA Community Edition 2022.3\plugins\testng\lib\testng-rt.jar;C:\Users\20112\Desktop\Final Projects\SauceDemoWebsite\target\test-classes;C:\Users\20112\Desktop\Final Projects\SauceDemoWebsite\target\classes;C:\Users\20112\.m2\repository\org\seleniumhq\selenium\selenium-java\4.15.0\selenium-java-4.15.0.jar;C:\Users\20112\.m2\repository\org\seleniumhq\selenium\selenium-api\4.15.0\selenium-api-4.15.0.jar;C:\Users\20112\.m2\repository\org\seleniumhq\selenium\selenium-chrome-driver\4.15.0\selenium-chrome-driver-4.15.0.jar;C:\Users\20112\.m2\repository\com\google\auto\service\auto-service-annotations\1.1.1\auto-service-annotations-1.1.1.jar;C:\Users\20112\.m2\repository\org\seleniumhq\selenium\selenium-chromium-driver\4.15.0\selenium-chromium-driver-4.15.0.jar;C:\Users\20112\.m2\repository\org\seleniumhq\selenium\selenium-json\4.15.0\selenium-json-4.15.0.jar;C:\Users\20112\.m2\repository\org\seleniumhq\selenium\selenium-manager\4.15.0\selenium-manager-4.15.0.jar;C:\Users\20112\.m2\repository\org\seleniumhq\selenium\selenium-devtools-v117\4.15.0\selenium-devtools-v117-4.15.0.jar;C:\Users\20112\.m2\repository\org\seleniumhq\selenium\selenium-devtools-v118\4.15.0\selenium-devtools-v118-4.15.0.jar;C:\Users\20112\.m2\repository\org\seleniumhq\selenium\selenium-devtools-v119\4.15.0\selenium-devtools-v119-4.15.0.jar;C:\Users\20112\.m2\repository\org\seleniumhq\selenium\selenium-devtools-v85\4.15.0\selenium-devtools-v85-4.15.0.jar;C:\Users\20112\.m2\repository\org\seleniumhq\selenium\selenium-edge-driver\4.15.0\selenium-edge-driver-4.15.0.jar;C:\Users\20112\.m2\repository\org\seleniumhq\selenium\selenium-firefox-driver\4.15.0\selenium-firefox-driver-4.15.0.jar;C:\Users\20112\.m2\repository\org\seleniumhq\selenium\selenium-http\4.15.0\selenium-http-4.15.0.jar;C:\Users\20112\.m2\repository\dev\failsafe\failsafe\3.3.2\failsafe-3.3.2.jar;C:\Users\20112\.m2\repository\org\seleniumhq\selenium\selenium-ie-driver\4.15.0\selenium-ie-driver-4.15.0.jar;C:\Users\20112\.m2\repository\org\seleniumhq\selenium\selenium-remote-driver\4.15.0\selenium-remote-driver-4.15.0.jar;C:\Users\20112\.m2\repository\com\google\guava\guava\32.1.2-jre\guava-32.1.2-jre.jar;C:\Users\20112\.m2\repository\com\google\guava\failureaccess\1.0.1\failureaccess-1.0.1.jar;C:\Users\20112\.m2\repository\com\google\guava\listenablefuture\9999.0-empty-to-avoid-conflict-with-guava\listenablefuture-9999.0-empty-to-avoid-conflict-with-guava.jar;C:\Users\20112\.m2\repository\com\google\code\findbugs\jsr305\3.0.2\jsr305-3.0.2.jar;C:\Users\20112\.m2\repository\org\checkerframework\checker-qual\3.33.0\checker-qual-3.33.0.jar;C:\Users\20112\.m2\repository\com\google\errorprone\error_prone_annotations\2.18.0\error_prone_annotations-2.18.0.jar;C:\Users\20112\.m2\repository\com\google\j2objc\j2objc-annotations\2.8\j2objc-annotations-2.8.jar;C:\Users\20112\.m2\repository\io\opentelemetry\opentelemetry-api\1.28.0\opentelemetry-api-1.28.0.jar;C:\Users\20112\.m2\repository\io\opentelemetry\opentelemetry-context\1.28.0\opentelemetry-context-1.28.0.jar;C:\Users\20112\.m2\repository\io\opentelemetry\opentelemetry-exporter-logging\1.28.0\opentelemetry-exporter-logging-1.28.0.jar;C:\Users\20112\.m2\repository\io\opentelemetry\opentelemetry-sdk-metrics\1.28.0\opentelemetry-sdk-metrics-1.28.0.jar;C:\Users\20112\.m2\repository\io\opentelemetry\opentelemetry-extension-incubator\1.28.0-alpha\opentelemetry-extension-incubator-1.28.0-alpha.jar;C:\Users\20112\.m2\repository\io\opentelemetry\opentelemetry-sdk-logs\1.28.0\opentelemetry-sdk-logs-1.28.0.jar;C:\Users\20112\.m2\repository\io\opentelemetry\opentelemetry-sdk-common\1.28.0\opentelemetry-sdk-common-1.28.0.jar;C:\Users\20112\.m2\repository\io\opentelemetry\opentelemetry-sdk-extension-autoconfigure-spi\1.28.0\opentelemetry-sdk-extension-autoconfigure-spi-1.28.0.jar;C:\Users\20112\.m2\repository\io\opentelemetry\opentelemetry-sdk-extension-autoconfigure\1.28.0\opentelemetry-sdk-extension-autoconfigure-1.28.0.jar;C:\Users\20112\.m2\repository\io\opentelemetry\opentelemetry-api-events\1.28.0-alpha\opentelemetry-api-events-1.28.0-alpha.jar;C:\Users\20112\.m2\repository\io\opentelemetry\opentelemetry-sdk-trace\1.28.0\opentelemetry-sdk-trace-1.28.0.jar;C:\Users\20112\.m2\repository\io\opentelemetry\opentelemetry-sdk\1.28.0\opentelemetry-sdk-1.28.0.jar;C:\Users\20112\.m2\repository\io\opentelemetry\opentelemetry-semconv\1.28.0-alpha\opentelemetry-semconv-1.28.0-alpha.jar;C:\Users\20112\.m2\repository\net\bytebuddy\byte-buddy\1.14.5\byte-buddy-1.14.5.jar;C:\Users\20112\.m2\repository\org\seleniumhq\selenium\selenium-os\4.15.0\selenium-os-4.15.0.jar;C:\Users\20112\.m2\repository\org\apache\commons\commons-exec\1.3\commons-exec-1.3.jar;C:\Users\20112\.m2\repository\org\seleniumhq\selenium\selenium-safari-driver\4.15.0\selenium-safari-driver-4.15.0.jar;C:\Users\20112\.m2\repository\org\seleniumhq\selenium\selenium-support\4.15.0\selenium-support-4.15.0.jar;C:\Users\20112\.m2\repository\io\github\bonigarcia\webdrivermanager\5.5.3\webdrivermanager-5.5.3.jar;C:\Users\20112\.m2\repository\com\google\code\gson\gson\2.10.1\gson-2.10.1.jar;C:\Users\20112\.m2\repository\com\github\docker-java\docker-java\3.3.3\docker-java-3.3.3.jar;C:\Users\20112\.m2\repository\com\github\docker-java\docker-java-core\3.3.3\docker-java-core-3.3.3.jar;C:\Users\20112\.m2\repository\com\github\docker-java\docker-java-api\3.3.3\docker-java-api-3.3.3.jar;C:\Users\20112\.m2\repository\com\fasterxml\jackson\core\jackson-annotations\2.10.3\jackson-annotations-2.10.3.jar;C:\Users\20112\.m2\repository\com\fasterxml\jackson\core\jackson-databind\2.10.3\jackson-databind-2.10.3.jar;C:\Users\20112\.m2\repository\com\fasterxml\jackson\core\jackson-core\2.10.3\jackson-core-2.10.3.jar;C:\Users\20112\.m2\repository\org\bouncycastle\bcpkix-jdk18on\1.75\bcpkix-jdk18on-1.75.jar;C:\Users\20112\.m2\repository\org\bouncycastle\bcprov-jdk18on\1.75\bcprov-jdk18on-1.75.jar;C:\Users\20112\.m2\repository\org\bouncycastle\bcutil-jdk18on\1.75\bcutil-jdk18on-1.75.jar;C:\Users\20112\.m2\repository\org\slf4j\jcl-over-slf4j\1.7.30\jcl-over-slf4j-1.7.30.jar;C:\Users\20112\.m2\repository\com\github\docker-java\docker-java-transport-httpclient5\3.3.3\docker-java-transport-httpclient5-3.3.3.jar;C:\Users\20112\.m2\repository\com\github\docker-java\docker-java-transport\3.3.3\docker-java-transport-3.3.3.jar;C:\Users\20112\.m2\repository\net\java\dev\jna\jna\5.12.1\jna-5.12.1.jar;C:\Users\20112\.m2\repository\org\brotli\dec\0.1.2\dec-0.1.2.jar;C:\Users\20112\.m2\repository\org\apache\commons\commons-lang3\3.13.0\commons-lang3-3.13.0.jar;C:\Users\20112\.m2\repository\org\apache\httpcomponents\client5\httpclient5\5.2.1\httpclient5-5.2.1.jar;C:\Users\20112\.m2\repository\org\apache\httpcomponents\core5\httpcore5\5.2\httpcore5-5.2.jar;C:\Users\20112\.m2\repository\org\apache\httpcomponents\core5\httpcore5-h2\5.2\httpcore5-h2-5.2.jar;C:\Users\20112\.m2\repository\org\testng\testng\7.10.0\testng-7.10.0.jar;C:\Users\20112\.m2\repository\com\beust\jcommander\1.82\jcommander-1.82.jar;C:\Users\20112\.m2\repository\org\webjars\jquery\3.7.1\jquery-3.7.1.jar;C:\Users\20112\.m2\repository\io\rest-assured\rest-assured\5.3.0\rest-assured-5.3.0.jar;C:\Users\20112\.m2\repository\org\apache\groovy\groovy\4.0.6\groovy-4.0.6.jar;C:\Users\20112\.m2\repository\org\apache\groovy\groovy-xml\4.0.6\groovy-xml-4.0.6.jar;C:\Users\20112\.m2\repository\org\apache\httpcomponents\httpclient\4.5.13\httpclient-4.5.13.jar;C:\Users\20112\.m2\repository\org\apache\httpcomponents\httpcore\4.4.13\httpcore-4.4.13.jar;C:\Users\20112\.m2\repository\commons-logging\commons-logging\1.2\commons-logging-1.2.jar;C:\Users\20112\.m2\repository\commons-codec\commons-codec\1.11\commons-codec-1.11.jar;C:\Users\20112\.m2\repository\org\apache\httpcomponents\httpmime\4.5.13\httpmime-4.5.13.jar;C:\Users\20112\.m2\repository\org\hamcrest\hamcrest\2.1\hamcrest-2.1.jar;C:\Users\20112\.m2\repository\org\ccil\cowan\tagsoup\tagsoup\1.2.1\tagsoup-1.2.1.jar;C:\Users\20112\.m2\repository\io\rest-assured\json-path\5.3.0\json-path-5.3.0.jar;C:\Users\20112\.m2\repository\org\apache\groovy\groovy-json\4.0.6\groovy-json-4.0.6.jar;C:\Users\20112\.m2\repository\io\rest-assured\rest-assured-common\5.3.0\rest-assured-common-5.3.0.jar;C:\Users\20112\.m2\repository\io\rest-assured\xml-path\5.3.0\xml-path-5.3.0.jar;C:\Users\20112\.m2\repository\com\jayway\jsonpath\json-path\2.9.0\json-path-2.9.0.jar;C:\Users\20112\.m2\repository\net\minidev\json-smart\2.5.0\json-smart-2.5.0.jar;C:\Users\20112\.m2\repository\net\minidev\accessors-smart\2.5.0\accessors-smart-2.5.0.jar;C:\Users\20112\.m2\repository\org\ow2\asm\asm\9.3\asm-9.3.jar;C:\Users\20112\.m2\repository\org\apache\poi\poi-ooxml\5.4.0\poi-ooxml-5.4.0.jar;C:\Users\20112\.m2\repository\org\apache\poi\poi\5.4.0\poi-5.4.0.jar;C:\Users\20112\.m2\repository\org\apache\commons\commons-math3\3.6.1\commons-math3-3.6.1.jar;C:\Users\20112\.m2\repository\com\zaxxer\SparseBitSet\1.3\SparseBitSet-1.3.jar;C:\Users\20112\.m2\repository\org\apache\poi\poi-ooxml-lite\5.4.0\poi-ooxml-lite-5.4.0.jar;C:\Users\20112\.m2\repository\org\apache\xmlbeans\xmlbeans\5.3.0\xmlbeans-5.3.0.jar;C:\Users\20112\.m2\repository\org\apache\commons\commons-compress\1.27.1\commons-compress-1.27.1.jar;C:\Users\20112\.m2\repository\com\github\virtuald\curvesapi\1.08\curvesapi-1.08.jar;C:\Users\20112\.m2\repository\org\apache\commons\commons-collections4\4.4\commons-collections4-4.4.jar;C:\Users\20112\.m2\repository\commons-io\commons-io\2.13.0\commons-io-2.13.0.jar;C:\Users\20112\.m2\repository\io\qameta\allure\allure-testng\2.29.0\allure-testng-2.29.0.jar;C:\Users\20112\.m2\repository\io\qameta\allure\allure-java-commons\2.29.0\allure-java-commons-2.29.0.jar;C:\Users\20112\.m2\repository\io\qameta\allure\allure-model\2.29.0\allure-model-2.29.0.jar;C:\Users\20112\.m2\repository\io\qameta\allure\allure-test-filter\2.29.0\allure-test-filter-2.29.0.jar;C:\Users\20112\.m2\repository\com\aventstack\extentreports\5.1.2\extentreports-5.1.2.jar;C:\Users\20112\.m2\repository\io\reactivex\rxjava3\rxjava\3.1.6\rxjava-3.1.6.jar;C:\Users\20112\.m2\repository\org\reactivestreams\reactive-streams\1.0.4\reactive-streams-1.0.4.jar;C:\Users\20112\.m2\repository\org\freemarker\freemarker\2.3.32\freemarker-2.3.32.jar;C:\Users\20112\.m2\repository\org\aspectj\aspectjweaver\1.9.22\aspectjweaver-1.9.22.jar;C:\Users\20112\.m2\repository\org\slf4j\slf4j-api\2.0.9\slf4j-api-2.0.9.jar;C:\Users\20112\.m2\repository\org\slf4j\slf4j-simple\2.0.9\slf4j-simple-2.0.9.jar;C:\Users\20112\.m2\repository\com\googlecode\json-simple\json-simple\1.1.1\json-simple-1.1.1.jar;C:\Users\20112\.m2\repository\org\projectlombok\lombok\1.18.28\lombok-1.18.28.jar;C:\Users\20112\.m2\repository\org\apache\logging\log4j\log4j-core\2.22.0\log4j-core-2.22.0.jar;C:\Users\20112\.m2\repository\org\apache\logging\log4j\log4j-api\2.22.0\log4j-api-2.22.0.jar;C:\Users\20112\.m2\repository\org\apache\logging\log4j\log4j-slf4j2-impl\2.22.0\log4j-slf4j2-impl-2.22.0.jar;C:\Users\20112\.m2\repository\com\automation-remarks\video-recorder-testng\2.0\video-recorder-testng-2.0.jar;C:\Users\20112\.m2\repository\com\automation-remarks\video-recorder-core\2.0\video-recorder-core-2.0.jar;C:\Users\20112\.m2\repository\org\aeonbits\owner\owner-java8\1.0.10\owner-java8-1.0.10.jar;C:\Users\20112\.m2\repository\org\aeonbits\owner\owner\1.0.10\owner-1.0.10.jar;C:\Users\20112\.m2\repository\org\zeroturnaround\zt-exec\1.10\zt-exec-1.10.jar;C:\Users\20112\.m2\repository\org\awaitility\awaitility\3.1.6\awaitility-3.1.6.jar;C:\Users\20112\.m2\repository\org\hamcrest\hamcrest-library\1.3\hamcrest-library-1.3.jar;C:\Users\20112\.m2\repository\org\hamcrest\hamcrest-core\1.3\hamcrest-core-1.3.jar;C:\Users\20112\.m2\repository\org\objenesis\objenesis\2.6\objenesis-2.6.jar;C:\Users\20112\.m2\repository\log4j\log4j\1.2.17\log4j-1.2.17.jar;C:\Users\20112\.m2\repository\org\json\json\20180813\json-20180813.jar
[INFO ] 2025-05-18 21:46:17.634 [main] LoggerClass - 🔹 [PropertiesReader] Setting System Property: java.vm.vendor = Oracle Corporation
[INFO ] 2025-05-18 21:46:17.635 [main] LoggerClass - 🔹 [PropertiesReader] Setting System Property: user.variant = 
[INFO ] 2025-05-18 21:46:17.635 [main] LoggerClass - 🔹 [PropertiesReader] Setting System Property: allure.link.issue.pattern = https://en.wikipedia.org/wiki/{}
[INFO ] 2025-05-18 21:46:17.635 [main] LoggerClass - 🔹 [PropertiesReader] Setting System Property: sun.java.launcher = SUN_STANDARD
[INFO ] 2025-05-18 21:46:17.635 [main] LoggerClass - 🔹 [PropertiesReader] Setting System Property: user.country = US
[INFO ] 2025-05-18 21:46:17.635 [main] LoggerClass - 🔹 [PropertiesReader] Setting System Property: sun.cpu.endian = little
[INFO ] 2025-05-18 21:46:17.635 [main] LoggerClass - 🔹 [PropertiesReader] Setting System Property: user.language = en
[INFO ] 2025-05-18 21:46:17.635 [main] LoggerClass - 🔹 [PropertiesReader] Setting System Property: allure.link.tms.pattern = https://en.wikipedia.org/wiki/{}
[INFO ] 2025-05-18 21:46:17.636 [main] LoggerClass - 🔹 [PropertiesReader] Setting System Property: appender.file.append = false
[INFO ] 2025-05-18 21:46:17.636 [main] LoggerClass - 🔹 [PropertiesReader] Setting System Property: appender.file.name = LOGFILE
[INFO ] 2025-05-18 21:46:17.636 [main] LoggerClass - 🔹 [PropertiesReader] Setting System Property: java.runtime.name = Java(TM) SE Runtime Environment
[INFO ] 2025-05-18 21:46:17.636 [main] LoggerClass - 🔹 [PropertiesReader] Setting System Property: java.vendor.url.bug = https://bugreport.java.com/bugreport/
[INFO ] 2025-05-18 21:46:17.636 [main] LoggerClass - 🔹 [PropertiesReader] Setting System Property: user.dir = C:\Users\20112\Desktop\Final Projects\SauceDemoWebsite
[INFO ] 2025-05-18 21:46:17.636 [main] LoggerClass - 🔹 [PropertiesReader] Setting System Property: appender.file.filter.threshold.level = debug
[INFO ] 2025-05-18 21:46:17.636 [main] LoggerClass - 🔹 [PropertiesReader] Setting System Property: java.vm.version = 19.0.1+10-21
[INFO ] 2025-05-18 21:46:17.637 [main] LoggerClass - 🔹 [PropertiesReader] Setting System Property: execution.type = Local
[INFO ] 2025-05-18 21:46:18.242 [main] LoggerClass - ********************** Test Started: [SauceDemoWebsite] **********************
[INFO ] 2025-05-18 21:46:18.314 [main] LoggerClass - Starting: [classSetup]
[INFO ] 2025-05-18 21:46:18.322 [main] LoggerClass - Executing Configuration Method (Setup/Teardown): [classSetup]
[INFO ] 2025-05-18 21:46:18.369 [main] LoggerClass - Loaded JSON file: src/test/resources/TestData/SauceDemoTestData.json
[INFO ] 2025-05-18 21:46:18.371 [main] LoggerClass - Finished Configuration Method (Setup/Teardown): [classSetup]
[INFO ] 2025-05-18 21:46:18.400 [main] LoggerClass - Starting: [methodSetup]
[INFO ] 2025-05-18 21:46:18.401 [main] LoggerClass - Executing Configuration Method (Setup/Teardown): [methodSetup]
[INFO ] 2025-05-18 21:46:18.428 [main] LoggerClass - Initializing [CHROME] with execution type [local]
[INFO ] 2025-05-18 21:46:20.889 [main] LoggerClass - [Browser Action] Maximizing browser window
[INFO ] 2025-05-18 21:46:20.918 [main] LoggerClass - Finished Configuration Method (Setup/Teardown): [methodSetup]
[INFO ] 2025-05-18 21:46:21.192 [main] LoggerClass - Starting: [selectProductsThenCheckout]
[INFO ] 2025-05-18 21:46:21.193 [main] LoggerClass - [Browser Action] Navigating to URL: https://www.saucedemo.com/
[INFO ] 2025-05-18 21:46:25.193 [main] LoggerClass - Login with username: standard_user and password: secret_sauce
[INFO ] 2025-05-18 21:46:25.401 [main] LoggerClass - Typed [standard_user] into element: By.id: user-name
[INFO ] 2025-05-18 21:46:25.537 [main] LoggerClass - Typed [secret_sauce] into element: By.id: password
[INFO ] 2025-05-18 21:46:25.844 [main] LoggerClass - Clicked on element: By.id: login-button
[INFO ] 2025-05-18 21:46:26.038 [main] LoggerClass - Clicked on element: By.id: add-to-cart-sauce-labs-backpack
[INFO ] 2025-05-18 21:46:26.222 [main] LoggerClass - Clicked on element: By.id: add-to-cart-sauce-labs-bike-light
[INFO ] 2025-05-18 21:46:26.387 [main] LoggerClass - Clicked on element: By.id: shopping_cart_container
[INFO ] 2025-05-18 21:46:34.589 [main] LoggerClass - Failed to click element: Error communicating with the remote browser. It may have died.
Build info: version: '4.15.0', revision: '1d14b5521b'
System info: os.name: 'Windows 11', os.arch: 'amd64', os.version: '10.0', java.version: '19.0.1'
Driver info: org.openqa.selenium.chrome.ChromeDriver
Command: [e3a9ac617a89d56fc0cadd497522fbc6, findElement [using, value]]
Capabilities {acceptInsecureCerts: false, browserName: chrome, browserVersion: 136.0.7103.114, chrome: {chromedriverVersion: 136.0.7103.94 (fa0be0b33deb..., userDataDir: C:\Users\20112\AppData\Loca...}, fedcm:accounts: true, goog:chromeOptions: {debuggerAddress: localhost:51470}, networkConnectionEnabled: false, pageLoadStrategy: normal, platformName: windows, proxy: Proxy(), se:cdp: ws://localhost:51470/devtoo..., se:cdpVersion: 136.0.7103.114, setWindowRect: true, strictFileInteractability: false, timeouts: {implicit: 0, pageLoad: 300000, script: 30000}, unhandledPromptBehavior: dismiss and notify, webauthn:extension:credBlob: true, webauthn:extension:largeBlob: true, webauthn:extension:minPinLength: true, webauthn:extension:prf: true, webauthn:virtualAuthenticators: true}
Session ID: e3a9ac617a89d56fc0cadd497522fbc6
[ERROR] 2025-05-18 21:46:34.602 [main] LoggerClass - Failed to capture screenshot for Allure: Error communicating with the remote browser. It may have died.
Build info: version: '4.15.0', revision: '1d14b5521b'
System info: os.name: 'Windows 11', os.arch: 'amd64', os.version: '10.0', java.version: '19.0.1'
Driver info: org.openqa.selenium.chrome.ChromeDriver
Command: [e3a9ac617a89d56fc0cadd497522fbc6, screenshot []]
Capabilities {acceptInsecureCerts: false, browserName: chrome, browserVersion: 136.0.7103.114, chrome: {chromedriverVersion: 136.0.7103.94 (fa0be0b33deb..., userDataDir: C:\Users\20112\AppData\Loca...}, fedcm:accounts: true, goog:chromeOptions: {debuggerAddress: localhost:51470}, networkConnectionEnabled: false, pageLoadStrategy: normal, platformName: windows, proxy: Proxy(), se:cdp: ws://localhost:51470/devtoo..., se:cdpVersion: 136.0.7103.114, setWindowRect: true, strictFileInteractability: false, timeouts: {implicit: 0, pageLoad: 300000, script: 30000}, unhandledPromptBehavior: dismiss and notify, webauthn:extension:credBlob: true, webauthn:extension:largeBlob: true, webauthn:extension:minPinLength: true, webauthn:extension:prf: true, webauthn:virtualAuthenticators: true}
Session ID: e3a9ac617a89d56fc0cadd497522fbc6
[INFO ] 2025-05-18 21:46:34.610 [main] LoggerClass - Finished Test Case: [selectProductsThenCheckout]
[ERROR] 2025-05-18 21:46:34.620 [main] LoggerClass - Failed to capture screenshot for Extent Reports: Error communicating with the remote browser. It may have died.
Build info: version: '4.15.0', revision: '1d14b5521b'
System info: os.name: 'Windows 11', os.arch: 'amd64', os.version: '10.0', java.version: '19.0.1'
Driver info: org.openqa.selenium.chrome.ChromeDriver
Command: [e3a9ac617a89d56fc0cadd497522fbc6, screenshot []]
Capabilities {acceptInsecureCerts: false, browserName: chrome, browserVersion: 136.0.7103.114, chrome: {chromedriverVersion: 136.0.7103.94 (fa0be0b33deb..., userDataDir: C:\Users\20112\AppData\Loca...}, fedcm:accounts: true, goog:chromeOptions: {debuggerAddress: localhost:51470}, networkConnectionEnabled: false, pageLoadStrategy: normal, platformName: windows, proxy: Proxy(), se:cdp: ws://localhost:51470/devtoo..., se:cdpVersion: 136.0.7103.114, setWindowRect: true, strictFileInteractability: false, timeouts: {implicit: 0, pageLoad: 300000, script: 30000}, unhandledPromptBehavior: dismiss and notify, webauthn:extension:credBlob: true, webauthn:extension:largeBlob: true, webauthn:extension:minPinLength: true, webauthn:extension:prf: true, webauthn:virtualAuthenticators: true}
Session ID: e3a9ac617a89d56fc0cadd497522fbc6
[ERROR] 2025-05-18 21:46:34.625 [main] LoggerClass - Failed to capture screenshot for Allure: Error communicating with the remote browser. It may have died.
Build info: version: '4.15.0', revision: '1d14b5521b'
System info: os.name: 'Windows 11', os.arch: 'amd64', os.version: '10.0', java.version: '19.0.1'
Driver info: org.openqa.selenium.chrome.ChromeDriver
Command: [e3a9ac617a89d56fc0cadd497522fbc6, screenshot []]
Capabilities {acceptInsecureCerts: false, browserName: chrome, browserVersion: 136.0.7103.114, chrome: {chromedriverVersion: 136.0.7103.94 (fa0be0b33deb..., userDataDir: C:\Users\20112\AppData\Loca...}, fedcm:accounts: true, goog:chromeOptions: {debuggerAddress: localhost:51470}, networkConnectionEnabled: false, pageLoadStrategy: normal, platformName: windows, proxy: Proxy(), se:cdp: ws://localhost:51470/devtoo..., se:cdpVersion: 136.0.7103.114, setWindowRect: true, strictFileInteractability: false, timeouts: {implicit: 0, pageLoad: 300000, script: 30000}, unhandledPromptBehavior: dismiss and notify, webauthn:extension:credBlob: true, webauthn:extension:largeBlob: true, webauthn:extension:minPinLength: true, webauthn:extension:prf: true, webauthn:virtualAuthenticators: true}
Session ID: e3a9ac617a89d56fc0cadd497522fbc6
[INFO ] 2025-05-18 21:46:34.658 [main] LoggerClass - Starting: [methodTearDown]
[INFO ] 2025-05-18 21:46:34.658 [main] LoggerClass - Executing Configuration Method (Setup/Teardown): [methodTearDown]
[INFO ] 2025-05-18 21:46:34.661 [main] LoggerClass - [Browser Action] Closing all browser windows
[INFO ] 2025-05-18 21:46:34.673 [main] LoggerClass - Finished Configuration Method (Setup/Teardown): [methodTearDown]
[INFO ] 2025-05-18 21:46:34.680 [main] LoggerClass - ********************** Test Finished: [SauceDemoWebsite] **********************
[INFO ] 2025-05-18 21:46:34.687 [main] LoggerClass - Finishing Test Suite: Default Suite
